// Jest Snapshot v1, https://goo.gl/fbAQLP

exports[`GroupsController should return array of groups 1`] = `
Array [
  10,
  0,
]
`;
