// Jest Snapshot v1, https://goo.gl/fbAQLP

exports[`UsersController should return array of users with login includes loginSubstring 1`] = `
Array [
  10,
  0,
  "adm",
]
`;
